START 2026-09-19T03:22:15.3771899+02:00
== ab-frozen 2026-09-19T03:22:15.3834484+02:00

> ns-roosterplatform@1.0.3 verify:optimizer-benchmark
> tsx --conditions=react-server scripts/optimizer-benchmark.ts run --phase ab-frozen --engine adaptive --mode NORMAL --strategy BALANCED --runs 3 --first 1

run 1: adaptive NORMAL BALANCED ÔÇª
run 1: COMPLETED 3/3 in 281.5 s
run 2: adaptive NORMAL BALANCED ÔÇª
run 2: COMPLETED 3/3 in 283.9 s
run 3: adaptive NORMAL BALANCED ÔÇª
run 3: COMPLETED 3/3 in 276.8 s
== ab-k5 2026-09-19T03:36:22.1316066+02:00

> ns-roosterplatform@1.0.3 verify:optimizer-benchmark
> tsx --conditions=react-server scripts/optimizer-benchmark.ts run --phase ab-k5 --engine adaptive --mode NORMAL --strategy BALANCED --runs 3 --first 1

run 1: adaptive NORMAL BALANCED ÔÇª
run 1: COMPLETED 3/3 in 279.9 s
run 2: adaptive NORMAL BALANCED ÔÇª
run 2: COMPLETED 3/3 in 288.4 s
run 3: adaptive NORMAL BALANCED ÔÇª
run 3: COMPLETED 3/3 in 274.8 s
== ab-k5-wc 2026-09-19T03:50:26.6083540+02:00

> ns-roosterplatform@1.0.3 verify:optimizer-benchmark
> tsx --conditions=react-server scripts/optimizer-benchmark.ts run --phase ab-k5-wc --engine adaptive --mode NORMAL --strategy BALANCED --runs 3 --first 1

run 1: adaptive NORMAL BALANCED ÔÇª
run 1: COMPLETED 3/3 in 293.3 s
run 2: adaptive NORMAL BALANCED ÔÇª
run 2: COMPLETED 3/3 in 274.7 s
run 3: adaptive NORMAL BALANCED ÔÇª
run 3: COMPLETED 3/3 in 283.9 s
== ab-k5-full 2026-09-19T04:04:39.8347650+02:00

> ns-roosterplatform@1.0.3 verify:optimizer-benchmark
> tsx --conditions=react-server scripts/optimizer-benchmark.ts run --phase ab-k5-full --engine adaptive --mode NORMAL --strategy BALANCED --runs 3 --first 1

run 1: adaptive NORMAL BALANCED ÔÇª
run 1: COMPLETED 3/3 in 269.4 s
run 2: adaptive NORMAL BALANCED ÔÇª
run 2: COMPLETED 3/3 in 289.2 s
run 3: adaptive NORMAL BALANCED ÔÇª
run 3: COMPLETED 3/3 in 285.2 s
== ab-k5-nofirst 2026-09-19T04:18:44.9655872+02:00

> ns-roosterplatform@1.0.3 verify:optimizer-benchmark
> tsx --conditions=react-server scripts/optimizer-benchmark.ts run --phase ab-k5-nofirst --engine adaptive --mode NORMAL --strategy BALANCED --runs 3 --first 1

run 1: adaptive NORMAL BALANCED ÔÇª
run 1: COMPLETED 3/3 in 293.7 s
run 2: adaptive NORMAL BALANCED ÔÇª
run 2: COMPLETED 3/3 in 282 s
run 3: adaptive NORMAL BALANCED ÔÇª
run 3: COMPLETED 3/3 in 275.2 s
== ab-k5-f025 2026-09-19T04:32:57.2409918+02:00

> ns-roosterplatform@1.0.3 verify:optimizer-benchmark
> tsx --conditions=react-server scripts/optimizer-benchmark.ts run --phase ab-k5-f025 --engine adaptive --mode NORMAL --strategy BALANCED --runs 3 --first 1

run 1: adaptive NORMAL BALANCED ÔÇª
run 1: COMPLETED 3/3 in 277.3 s
run 2: adaptive NORMAL BALANCED ÔÇª
run 2: COMPLETED 3/3 in 275.4 s
run 3: adaptive NORMAL BALANCED ÔÇª
run 3: COMPLETED 3/3 in 274.9 s
== ab-k5-f100 2026-09-19T04:46:46.1058173+02:00

> ns-roosterplatform@1.0.3 verify:optimizer-benchmark
> tsx --conditions=react-server scripts/optimizer-benchmark.ts run --phase ab-k5-f100 --engine adaptive --mode NORMAL --strategy BALANCED --runs 3 --first 1

run 1: adaptive NORMAL BALANCED ÔÇª
run 1: COMPLETED 3/3 in 284.2 s
run 2: adaptive NORMAL BALANCED ÔÇª
run 2: COMPLETED 3/3 in 276.6 s
run 3: adaptive NORMAL BALANCED ÔÇª
run 3: COMPLETED 3/3 in 288.8 s
KLAAR 2026-09-19T05:00:57.0151371+02:00
