START 2026-09-19T05:01:57.1013545+02:00

> ns-roosterplatform@1.0.3 verify:optimizer-benchmark
> tsx --conditions=react-server scripts/optimizer-benchmark.ts run --phase brain-after --engine adaptive --mode NORMAL --strategy BALANCED --runs 10 --first 1

run 1: adaptive NORMAL BALANCED ÔÇª
run 1: COMPLETED 3/3 in 264.5 s
run 2: adaptive NORMAL BALANCED ÔÇª
run 2: COMPLETED 3/3 in 289.6 s
run 3: adaptive NORMAL BALANCED ÔÇª
run 3: COMPLETED 3/3 in 275.1 s
run 4: adaptive NORMAL BALANCED ÔÇª
run 4: COMPLETED 3/3 in 265 s
run 5: adaptive NORMAL BALANCED ÔÇª
run 5: COMPLETED 3/3 in 262.6 s
run 6: adaptive NORMAL BALANCED ÔÇª
run 6: COMPLETED 3/3 in 289.1 s
run 7: adaptive NORMAL BALANCED ÔÇª
run 7: COMPLETED 3/3 in 283.1 s
run 8: adaptive NORMAL BALANCED ÔÇª
run 8: COMPLETED 3/3 in 289 s
run 9: adaptive NORMAL BALANCED ÔÇª
run 9: COMPLETED 3/3 in 289 s
run 10: adaptive NORMAL BALANCED ÔÇª
run 10: COMPLETED 3/3 in 289.3 s

> ns-roosterplatform@1.0.3 verify:optimizer-benchmark
> tsx --conditions=react-server scripts/optimizer-benchmark.ts run --phase brain-after --engine adaptive --mode NORMAL --strategy REST_QUALITY --runs 5 --first 11

run 11: adaptive NORMAL REST_QUALITY ÔÇª
run 11: COMPLETED 3/3 in 279.8 s
run 12: adaptive NORMAL REST_QUALITY ÔÇª
run 12: COMPLETED 3/3 in 289.4 s
run 13: adaptive NORMAL REST_QUALITY ÔÇª
run 13: COMPLETED 3/3 in 279.4 s
run 14: adaptive NORMAL REST_QUALITY ÔÇª
run 14: COMPLETED 3/3 in 262 s
run 15: adaptive NORMAL REST_QUALITY ÔÇª
run 15: COMPLETED 3/3 in 292.7 s

> ns-roosterplatform@1.0.3 verify:optimizer-benchmark
> tsx --conditions=react-server scripts/optimizer-benchmark.ts run --phase brain-after --engine adaptive --mode NORMAL --strategy FAIR_BURDEN --runs 5 --first 16

run 16: adaptive NORMAL FAIR_BURDEN ÔÇª
run 16: COMPLETED 3/3 in 282 s
run 17: adaptive NORMAL FAIR_BURDEN ÔÇª
run 17: COMPLETED 3/3 in 280.9 s
run 18: adaptive NORMAL FAIR_BURDEN ÔÇª
run 18: COMPLETED 3/3 in 285 s
run 19: adaptive NORMAL FAIR_BURDEN ÔÇª
run 19: COMPLETED 3/3 in 282.9 s
run 20: adaptive NORMAL FAIR_BURDEN ÔÇª
run 20: COMPLETED 3/3 in 279.8 s
KLAAR 2026-09-19T06:35:32.8719274+02:00
