START 2026-09-19T07:14:03.5878142+02:00

> ns-roosterplatform@1.0.3 verify:e2e
> tsx --conditions=react-server scripts/verify-e2e.ts

VOLLEDIGE DOORLOOP
ÔòÉÔòÉÔòÉÔòÉÔòÉÔòÉÔòÉÔòÉÔòÉÔòÉÔòÉÔòÉÔòÉÔòÉÔòÉÔòÉÔòÉÔòÉÔòÉÔòÉÔòÉÔòÉÔòÉÔòÉÔòÉÔòÉÔòÉÔòÉÔòÉÔòÉÔòÉÔòÉÔòÉÔòÉÔòÉÔòÉÔòÉÔòÉÔòÉÔòÉÔòÉÔòÉÔòÉÔòÉÔòÉÔòÉÔòÉÔòÉÔòÉÔòÉÔòÉÔòÉÔòÉÔòÉÔòÉÔòÉÔòÉÔòÉÔòÉÔòÉÔòÉÔòÉÔòÉÔòÉÔòÉÔòÉÔòÉÔòÉÔòÉÔòÉÔòÉÔòÉÔòÉÔòÉÔòÉÔòÉÔòÉÔòÉ
Elke meting hieronder draait echt: tegen de echte database, de echte
schermen en de echte draagbare bundel.

Regels: gedrag van elke harde regelÔÇª Ô£ô 1 geslaagd, 0 mislukt (0s)
Roosteruren en de 40-uursbalansÔÇª Ô£ô 4 geslaagd, 0 mislukt (0s)
Roosterjaar decemberÔÇôdecemberÔÇª Ô£ô 22 geslaagd, 0 mislukt (0s)
CAO-dagen van aanvraag tot verlofboekÔÇª Ô£ô 49 geslaagd, 0 mislukt (12s)
Dienstenpakket: sjabloon, upload en 223 diensten heen en terugÔÇª Ô£ô 16 geslaagd, 0 mislukt, 2 geblokkeerd (0s)
Exportsjabloon: de knop die de commissie als eerste gebruiktÔÇª Ô£ô 17 geslaagd, 0 mislukt (0s)
Scenario's: genereren, bewaren, toetsen en vergelijkenÔÇª Ô£ô 23 geslaagd, 0 mislukt (15s)
Roosterprofielen: dagdeel, profielgrens en weigeringÔÇª Ô£ô 9 geslaagd, 0 mislukt (5s)
Generatie: drie kandidaten, stoppen en herbouwenÔÇª Ô£ô 29 geslaagd, 0 mislukt (583s)
Roosterkwaliteit: officieel naast gegenereerdÔÇª Ô£ù 35 geslaagd, 2 mislukt (1s)
      Ô£ô Meting BALANCED ÔÇö kandidaat 3: hard geldig volgens de evaluator |  | ÔòÉÔòÉÔòÉÔòÉÔòÉÔòÉÔòÉÔòÉÔòÉÔòÉÔòÉÔòÉÔòÉÔòÉÔòÉÔòÉÔòÉÔòÉÔòÉÔòÉÔòÉÔòÉÔòÉÔòÉÔòÉÔòÉÔòÉÔòÉÔòÉÔòÉÔòÉÔòÉÔòÉÔòÉÔòÉÔòÉÔòÉÔòÉÔòÉÔòÉÔòÉÔòÉÔòÉÔòÉÔòÉÔòÉÔòÉÔòÉÔòÉÔòÉÔòÉÔòÉÔòÉÔòÉÔòÉÔòÉÔòÉÔòÉÔòÉÔòÉÔòÉÔòÉÔòÉÔòÉÔòÉÔòÉÔòÉÔòÉÔòÉÔòÉÔòÉÔòÉÔòÉÔòÉÔòÉÔòÉÔòÉÔòÉ | 35 geslaagd, 2 mislukt, 0 geblokkeerd
Ruilingen van voorstel tot uitvoeringÔÇª Ô£ô 8 geslaagd, 0 mislukt (11s)
Plaatsingen en tijdelijke plaatsingÔÇª Ô£ô 12 geslaagd, 0 mislukt (11s)
Rotatie en de eigen roosterregelÔÇª Ô£ô 14 geslaagd, 0 mislukt (11s)
Meldingen via de uitgaande wachtrijÔÇª Ô£ô 8 geslaagd, 0 mislukt (11s)
Integriteit van de gegevensÔÇª Ô£ô 19 geslaagd, 0 mislukt (0s)
Toegang per rolÔÇª Ô£ô 1 geslaagd, 0 mislukt (19s)
Schermen en interne verwijzingenÔÇª Ô£ô 40 geslaagd, 0 mislukt (14s)
Beeldmerk in alle omgevingenÔÇª Ô£ô 15 geslaagd, 0 mislukt (0s)
Draagbare versie: starten, gebruiken, stoppen, herstartenÔÇª Ô£ô 51 geslaagd, 0 mislukt (31s)
Crashbestendigheid en herstelÔÇª Ô£ô 19 geslaagd, 0 mislukt (38s)

ÔöÇÔöÇÔöÇÔöÇÔöÇÔöÇÔöÇÔöÇÔöÇÔöÇÔöÇÔöÇÔöÇÔöÇÔöÇÔöÇÔöÇÔöÇÔöÇÔöÇÔöÇÔöÇÔöÇÔöÇÔöÇÔöÇÔöÇÔöÇÔöÇÔöÇÔöÇÔöÇÔöÇÔöÇÔöÇÔöÇÔöÇÔöÇÔöÇÔöÇÔöÇÔöÇÔöÇÔöÇÔöÇÔöÇÔöÇÔöÇÔöÇÔöÇÔöÇÔöÇÔöÇÔöÇÔöÇÔöÇÔöÇÔöÇÔöÇÔöÇÔöÇÔöÇÔöÇÔöÇÔöÇÔöÇÔöÇÔöÇÔöÇÔöÇÔöÇÔöÇÔöÇÔöÇÔöÇÔöÇÔöÇÔöÇ
20 metingen: 392 controles geslaagd, 2 mislukt, 2 geblokkeerd door een ontbrekende bron.

ÔöÇÔöÇÔöÇÔöÇÔöÇÔöÇÔöÇÔöÇÔöÇÔöÇÔöÇÔöÇÔöÇÔöÇÔöÇÔöÇÔöÇÔöÇÔöÇÔöÇÔöÇÔöÇÔöÇÔöÇÔöÇÔöÇÔöÇÔöÇÔöÇÔöÇÔöÇÔöÇÔöÇÔöÇÔöÇÔöÇÔöÇÔöÇÔöÇÔöÇÔöÇÔöÇÔöÇÔöÇÔöÇÔöÇÔöÇÔöÇÔöÇÔöÇÔöÇÔöÇÔöÇÔöÇÔöÇÔöÇÔöÇÔöÇÔöÇÔöÇÔöÇÔöÇÔöÇÔöÇÔöÇÔöÇÔöÇÔöÇÔöÇÔöÇÔöÇÔöÇÔöÇÔöÇÔöÇÔöÇÔöÇÔöÇ
Dekking van de gevraagde doorloop

  afgedekt en geslaagd   68/71

  Niet aangetoond:
    mislukt: v1.0.3: nachten in reeksen, geen losse nachten
    mislukt: v1.0.3: niet meer zware overgangen dan officieel
    mislukt: v1.0.3: kwaliteitsmeting onderscheidt roosters

ÔòÉÔòÉÔòÉÔòÉÔòÉÔòÉÔòÉÔòÉÔòÉÔòÉÔòÉÔòÉÔòÉÔòÉÔòÉÔòÉÔòÉÔòÉÔòÉÔòÉÔòÉÔòÉÔòÉÔòÉÔòÉÔòÉÔòÉÔòÉÔòÉÔòÉÔòÉÔòÉÔòÉÔòÉÔòÉÔòÉÔòÉÔòÉÔòÉÔòÉÔòÉÔòÉÔòÉÔòÉÔòÉÔòÉÔòÉÔòÉÔòÉÔòÉÔòÉÔòÉÔòÉÔòÉÔòÉÔòÉÔòÉÔòÉÔòÉÔòÉÔòÉÔòÉÔòÉÔòÉÔòÉÔòÉÔòÉÔòÉÔòÉÔòÉÔòÉÔòÉÔòÉÔòÉÔòÉÔòÉÔòÉÔòÉ
De doorloop is niet volledig aangetoond. Wat hierboven bij 'Niet aangetoond'
staat, hoort in het eindrapport te staan ÔÇö niet als afgerond.
KLAAR 2026-09-19T07:26:47.3017501+02:00
