schaal 0     zaad 101: voorkeur 78.5 (aff 65.9, dag 68.4, rest 73.7) · losse 0 · paren 0 · rust 81 · uren 89.6 · eerlijk 86.2 · operationeel ja
schaal 0.333 zaad 101: voorkeur 83.5 (aff 78.1, dag 96.5, rest 90.9) · losse 0 · paren 0 · rust 80.1 · uren 88.9 · eerlijk 79.1 · operationeel ja
schaal 1     zaad 101: voorkeur 83.6 (aff 78.7, dag 96.5, rest 90.9) · losse 0 · paren 0 · rust 80.2 · uren 89.5 · eerlijk 76.6 · operationeel ja
schaal 3     zaad 101: voorkeur 81.5 (aff 81.2, dag 96.5, rest 90.9) · losse 0 · paren 2 · rust 80.2 · uren 89.1 · eerlijk 70.5 · operationeel ja
schaal 0     zaad 102: voorkeur 76.3 (aff 65, dag 59.3, rest 73.7) · losse 0 · paren 1 · rust 80.4 · uren 89.6 · eerlijk 90.7 · operationeel ja
schaal 0.333 zaad 102: voorkeur 83 (aff 78.1, dag 96.5, rest 89.5) · losse 0 · paren 1 · rust 76.6 · uren 89.3 · eerlijk 90.7 · operationeel ja
schaal 1     zaad 102: voorkeur 82.8 (aff 79.9, dag 96.5, rest 90.9) · losse 0 · paren 0 · rust 83.6 · uren 89.5 · eerlijk 71.2 · operationeel ja
schaal 3     zaad 102: voorkeur 82.3 (aff 81, dag 96.5, rest 90.9) · losse 0 · paren 2 · rust 84.8 · uren 89.3 · eerlijk 72.7 · operationeel ja
schaal 0     zaad 103: voorkeur 78.4 (aff 67, dag 65.4, rest 81.1) · losse 0 · paren 0 · rust 81.9 · uren 89.6 · eerlijk 83 · operationeel ja
schaal 0.333 zaad 103: voorkeur 84.9 (aff 77.9, dag 96.5, rest 90.9) · losse 1 · paren 2 · rust 76 · uren 89.5 · eerlijk 87.7 · operationeel ja
schaal 1     zaad 103: voorkeur 82.5 (aff 79, dag 94, rest 86.4) · losse 1 · paren 2 · rust 78.9 · uren 89.1 · eerlijk 78.2 · operationeel ja
schaal 3     zaad 103: voorkeur 81.6 (aff 80.4, dag 96.5, rest 90.9) · losse 0 · paren 0 · rust 79.7 · uren 89.1 · eerlijk 81.3 · operationeel ja
schaal 0     zaad 104: voorkeur 76.3 (aff 65.2, dag 61.2, rest 78.4) · losse 0 · paren 0 · rust 80.8 · uren 89.8 · eerlijk 85.1 · operationeel ja
schaal 0.333 zaad 104: voorkeur 84.8 (aff 76.7, dag 96.5, rest 90.9) · losse 0 · paren 1 · rust 77.6 · uren 88.9 · eerlijk 85.5 · operationeel ja
schaal 1     zaad 104: voorkeur 82.3 (aff 79.4, dag 96.5, rest 90.9) · losse 1 · paren 0 · rust 81 · uren 89.6 · eerlijk 85.1 · operationeel ja
schaal 3     zaad 104: voorkeur 82 (aff 81.3, dag 96.4, rest 90.9) · losse 0 · paren 2 · rust 77.7 · uren 89.4 · eerlijk 72.7 · operationeel ja
schaal 0     zaad 105: voorkeur 81.3 (aff 66.6, dag 78.2, rest 78.4) · losse 0 · paren 0 · rust 79.7 · uren 89.8 · eerlijk 82.4 · operationeel ja
schaal 0.333 zaad 105: voorkeur 84 (aff 77.8, dag 95.2, rest 90.9) · losse 2 · paren 1 · rust 78 · uren 89.3 · eerlijk 89.2 · operationeel ja
schaal 1     zaad 105: voorkeur 83.5 (aff 79, dag 96.5, rest 90.9) · losse 0 · paren 0 · rust 80.4 · uren 89.4 · eerlijk 85.1 · operationeel ja
schaal 3     zaad 105: voorkeur 81.4 (aff 81, dag 96.5, rest 90.9) · losse 0 · paren 1 · rust 82.9 · uren 89.4 · eerlijk 81.3 · operationeel ja
Geschreven: C:\Users\Jonathan Schram\ClaudeCode\ns-roosterplatform\docs\v1.0.4-final-brain\machinist-preferences\solver-ab-preference.json
