ROOSTERJAAR
════════════════════════════════════════════════════════════════════════

1. De tweede zondag van december (26 jaren)
  ✓ elke grens valt op een zondag
  ✓ en op 8 tot en met 14 december, want dat is per definitie de tweede zondag

2. Aansluiting tussen opeenvolgende roosterjaren
  ✓ het einde van elk jaar is exact het begin van het volgende
  ✓ elk roosterjaar telt 52 of 53 hele weken
  ✓ geen enkel roosterjaar heeft een halve week
      5 van de 25 jaren tellen 53 weken: 2025, 2031, 2036, 2042, 2048

3. Elke dag in precies één roosterjaar
      9135 dagen nagerekend, van 2023-12-10 tot 2048-12-12.
  ✓ geen enkele dag zit in twee roosterjaren
  ✓ geen enkele dag zit in geen roosterjaar
  ✓ opzoeken geeft hetzelfde antwoord als aflopen

4. Schrikkeljaren
      schrikkeljaren in bereik: 2024, 2028, 2032, 2036, 2040, 2044, 2048
  ✓ 29 februari valt in het roosterjaar met hetzelfde jaartal
  ✓ in een gewoon jaar volgt 1 maart direct op 28 februari

5. De dagen rond de grens
  ✓ de laatste dag hoort er nog bij en de eerstvolgende niet meer
  ✓ 31 december en 1 januari vallen in hetzelfde roosterjaar

6. Europe/Amsterdam
  ✓ vlak vóór middernacht in Nederland is het nog roosterjaar 2026
  ✓ en vlak erna roosterjaar 2027, terwijl het in UTC nog 12 december is
  ✓ midden in de zomer klopt het jaartal ook

7. De keuzelijst
  ✓ er staan meerdere jaren in de lijst
  ✓ de lijst begint niet vóór het eerste roosterjaar waarvoor een bron bestaat
  ✓ de jaren staan op volgorde en sluiten op elkaar aan
  ✓ het lopende roosterjaar staat erbij

8. De weergave
      roosterjaar 2027: zondag 13 december 2026 tot en met zaterdag 11 december 2027
  ✓ de periode wordt met 'tot en met' en de laatste dag zelf getoond
  ✓ en niet met de dag die er net niet meer bij hoort
  ✓ de startdatum staat er in gewone taal bij

════════════════════════════════════════════════════════════════════════
22 controles geslaagd, 0 mislukt.
