ROOSTERKWALITEIT
══════════════════════════════════════════════════════════════════════════════

1. Het officiële rooster
  Dekking 100 · Urenbalans 78.8 · Rustkwaliteit 89.3 · Overgangskwaliteit 95.9 · Nachtclustering 100 · Eerlijke nachtverdeling 73.3 · Eerlijke rangeerverdeling 48.2 · Eerlijke weekendbelasting 80.3 · Wijzigingsimpact 100
  DDR-50MIX  39:51 V11 L 8 N 0 R 2 nachtreeksen [] stabiel 4/8 zwaar 2
  DDR-BLM    39:12 V14 L 9 N 3 R 7 nachtreeksen [3] stabiel 17/18 zwaar 0
  DDR-L      39:59 V 0 L37 N 0 R 5 nachtreeksen [] stabiel 17/17 zwaar 0
  DDR-LN     39:59 V 0 L16 N 6 R 6 nachtreeksen [6] stabiel 13/13 zwaar 0
  DDR-MIX    39:51 V15 L19 N10 R11 nachtreeksen [5,5] stabiel 25/25 zwaar 0
  DDR-V      39:44 V41 L 0 N 0 R 5 nachtreeksen [] stabiel 22/22 zwaar 0
  DDR-VL     39:55 V19 L15 N 0 R 3 nachtreeksen [] stabiel 18/18 zwaar 0

2. Hoe dagdelen op elkaar volgen
  Officieel
    van \ naar   vroeg   laat  nacht   vrij
    vroeg           53      2      0     45
    laat             2     48      1     53
    nacht            0      0     15      4
    vrij            45     54      3    123
  Gegenereerd (6 kandidaten) (gemiddeld per kandidaat)
    van \ naar   vroeg   laat  nacht   vrij
    vroeg         54.7    0.7      0   44.7
    laat             0   50.3      1   52.7
    nacht            0      0   14.3    4.7
    vrij          45.3     53    3.7    123
    terug tegen de klok in (nacht→vroeg, laat→vroeg): officieel 2, gegenereerd gemiddeld 0

3. Per strategie de nieuwste afgeronde opdracht

  Meting BALANCED (BALANCED) — 3/3 kandidaten, 281 s
  Meting BALANCED · kandidaat 1
    Dekking 100 · Urenbalans 86.4 · Rustkwaliteit 99.2 · Overgangskwaliteit 99.2 · Nachtclustering 100 · Eerlijke nachtverdeling 82.4 · Eerlijke rangeerverdeling 93.6 · Eerlijke weekendbelasting 86.2 · Wijzigingsimpact 43
    DDR-50MIX  40:00 V16 L 3 N 0 R 4 nachtreeksen [] stabiel 8/8 zwaar 0
    DDR-BLM    40:00 V15 L 7 N 4 R 4 nachtreeksen [4] stabiel 17/18 zwaar 0
    DDR-L      39:44 V 0 L37 N 0 R 7 nachtreeksen [] stabiel 17/17 zwaar 0
    DDR-LN     40:00 V 0 L16 N 6 R 4 nachtreeksen [6] stabiel 13/13 zwaar 0
    DDR-MIX    39:52 V22 L13 N 9 R 7 nachtreeksen [4,5] stabiel 25/25 zwaar 0
    DDR-V      39:27 V41 L 0 N 0 R 7 nachtreeksen [] stabiel 22/22 zwaar 0
    DDR-VL     40:00 V 6 L28 N 0 R 6 nachtreeksen [] stabiel 18/18 zwaar 0
  ✓ Meting BALANCED · kandidaat 1: alle diensten geplaatst — 223/223
  ✓ Meting BALANCED · kandidaat 1: geen vroege dienst in Laat/Nacht — 0
  ✓ Meting BALANCED · kandidaat 1: geen losse nachten — 0
  ✓ Meting BALANCED · kandidaat 1: niet meer zware overgangen dan het officiële rooster — 0 tegen 2
  ✓ Meting BALANCED · kandidaat 1: de meting onderscheidt de kandidaat van het officiële rooster
  Meting BALANCED · kandidaat 2
    Dekking 100 · Urenbalans 86.2 · Rustkwaliteit 99.6 · Overgangskwaliteit 99.2 · Nachtclustering 94.7 · Eerlijke nachtverdeling 82.4 · Eerlijke rangeerverdeling 93.6 · Eerlijke weekendbelasting 86.3 · Wijzigingsimpact 43.5
    DDR-50MIX  40:00 V16 L 3 N 0 R 4 nachtreeksen [] stabiel 8/8 zwaar 0
    DDR-BLM    40:00 V11 L11 N 4 R 4 nachtreeksen [4] stabiel 18/18 zwaar 0
    DDR-L      39:41 V 0 L37 N 0 R 7 nachtreeksen [] stabiel 17/17 zwaar 0
    DDR-LN     40:00 V 0 L16 N 6 R 4 nachtreeksen [6] stabiel 13/13 zwaar 0
    DDR-MIX    39:39 V24 L11 N 9 R 7 nachtreeksen [5,1,3] stabiel 24/25 zwaar 0
    DDR-V      39:44 V41 L 0 N 0 R 7 nachtreeksen [] stabiel 22/22 zwaar 0
    DDR-VL     39:58 V 8 L26 N 0 R 6 nachtreeksen [] stabiel 18/18 zwaar 0
  ✓ Meting BALANCED · kandidaat 2: alle diensten geplaatst — 223/223
  ✓ Meting BALANCED · kandidaat 2: geen vroege dienst in Laat/Nacht — 0
  ✗ Meting BALANCED · kandidaat 2: geen losse nachten — 1
  ✓ Meting BALANCED · kandidaat 2: niet meer zware overgangen dan het officiële rooster — 0 tegen 2
  ✓ Meting BALANCED · kandidaat 2: de meting onderscheidt de kandidaat van het officiële rooster
  Meting BALANCED · kandidaat 3
    Dekking 100 · Urenbalans 86.4 · Rustkwaliteit 100 · Overgangskwaliteit 98.3 · Nachtclustering 100 · Eerlijke nachtverdeling 82.4 · Eerlijke rangeerverdeling 93.6 · Eerlijke weekendbelasting 86.3 · Wijzigingsimpact 44.8
    DDR-50MIX  40:00 V16 L 3 N 0 R 4 nachtreeksen [] stabiel 8/8 zwaar 0
    DDR-BLM    40:00 V16 L 6 N 4 R 4 nachtreeksen [4] stabiel 16/18 zwaar 0
    DDR-L      39:43 V 0 L37 N 0 R 7 nachtreeksen [] stabiel 17/17 zwaar 0
    DDR-LN     40:00 V 0 L16 N 6 R 4 nachtreeksen [6] stabiel 13/13 zwaar 0
    DDR-MIX    39:53 V21 L14 N 9 R 7 nachtreeksen [4,5] stabiel 25/25 zwaar 0
    DDR-V      39:27 V41 L 0 N 0 R 7 nachtreeksen [] stabiel 22/22 zwaar 0
    DDR-VL     40:00 V 6 L28 N 0 R 6 nachtreeksen [] stabiel 18/18 zwaar 0
  ✓ Meting BALANCED · kandidaat 3: alle diensten geplaatst — 223/223
  ✓ Meting BALANCED · kandidaat 3: geen vroege dienst in Laat/Nacht — 0
  ✓ Meting BALANCED · kandidaat 3: geen losse nachten — 0
  ✓ Meting BALANCED · kandidaat 3: niet meer zware overgangen dan het officiële rooster — 0 tegen 2
  ✓ Meting BALANCED · kandidaat 3: de meting onderscheidt de kandidaat van het officiële rooster

  Rust & regelmaat (REST_QUALITY) — 3/3 kandidaten, 194 s
  Rust & regelmaat · kandidaat 1
    Dekking 100 · Urenbalans 86.4 · Rustkwaliteit 100 · Overgangskwaliteit 98.3 · Nachtclustering 100 · Eerlijke nachtverdeling 72.3 · Eerlijke rangeerverdeling 93.6 · Eerlijke weekendbelasting 85.7 · Wijzigingsimpact 43.9
    DDR-50MIX  40:00 V15 L 4 N 0 R 4 nachtreeksen [] stabiel 8/8 zwaar 0
    DDR-BLM    40:00 V15 L 6 N 5 R 4 nachtreeksen [5] stabiel 18/18 zwaar 0
    DDR-L      39:45 V 0 L37 N 0 R 7 nachtreeksen [] stabiel 17/17 zwaar 0
    DDR-LN     40:00 V 0 L15 N 7 R 4 nachtreeksen [3,4] stabiel 12/13 zwaar 0
    DDR-MIX    39:39 V25 L12 N 7 R 7 nachtreeksen [4,3] stabiel 24/25 zwaar 0
    DDR-V      39:39 V41 L 0 N 0 R 7 nachtreeksen [] stabiel 22/22 zwaar 0
    DDR-VL     40:00 V 4 L30 N 0 R 6 nachtreeksen [] stabiel 18/18 zwaar 0
  ✓ Rust & regelmaat · kandidaat 1: alle diensten geplaatst — 223/223
  ✓ Rust & regelmaat · kandidaat 1: geen vroege dienst in Laat/Nacht — 0
  ✓ Rust & regelmaat · kandidaat 1: geen losse nachten — 0
  ✓ Rust & regelmaat · kandidaat 1: niet meer zware overgangen dan het officiële rooster — 0 tegen 2
  ✓ Rust & regelmaat · kandidaat 1: de meting onderscheidt de kandidaat van het officiële rooster
  Rust & regelmaat · kandidaat 2
    Dekking 100 · Urenbalans 86.4 · Rustkwaliteit 100 · Overgangskwaliteit 98.3 · Nachtclustering 100 · Eerlijke nachtverdeling 72.3 · Eerlijke rangeerverdeling 93.6 · Eerlijke weekendbelasting 85.7 · Wijzigingsimpact 44.4
    DDR-50MIX  40:00 V16 L 3 N 0 R 4 nachtreeksen [] stabiel 8/8 zwaar 0
    DDR-BLM    40:00 V15 L 6 N 5 R 4 nachtreeksen [5] stabiel 18/18 zwaar 0
    DDR-L      39:45 V 0 L37 N 0 R 7 nachtreeksen [] stabiel 17/17 zwaar 0
    DDR-LN     40:00 V 0 L15 N 7 R 4 nachtreeksen [3,4] stabiel 12/13 zwaar 0
    DDR-MIX    39:39 V24 L13 N 7 R 7 nachtreeksen [4,3] stabiel 24/25 zwaar 0
    DDR-V      39:39 V41 L 0 N 0 R 7 nachtreeksen [] stabiel 22/22 zwaar 0
    DDR-VL     40:00 V 4 L30 N 0 R 6 nachtreeksen [] stabiel 18/18 zwaar 0
  ✓ Rust & regelmaat · kandidaat 2: alle diensten geplaatst — 223/223
  ✓ Rust & regelmaat · kandidaat 2: geen vroege dienst in Laat/Nacht — 0
  ✓ Rust & regelmaat · kandidaat 2: geen losse nachten — 0
  ✓ Rust & regelmaat · kandidaat 2: niet meer zware overgangen dan het officiële rooster — 0 tegen 2
  ✓ Rust & regelmaat · kandidaat 2: de meting onderscheidt de kandidaat van het officiële rooster
  Rust & regelmaat · kandidaat 3
    Dekking 100 · Urenbalans 86.4 · Rustkwaliteit 100 · Overgangskwaliteit 98.3 · Nachtclustering 100 · Eerlijke nachtverdeling 72.3 · Eerlijke rangeerverdeling 93.6 · Eerlijke weekendbelasting 85.4 · Wijzigingsimpact 43.9
    DDR-50MIX  40:00 V16 L 3 N 0 R 4 nachtreeksen [] stabiel 8/8 zwaar 0
    DDR-BLM    40:00 V15 L 6 N 5 R 4 nachtreeksen [5] stabiel 18/18 zwaar 0
    DDR-L      39:43 V 0 L37 N 0 R 7 nachtreeksen [] stabiel 17/17 zwaar 0
    DDR-LN     40:00 V 0 L15 N 7 R 4 nachtreeksen [3,4] stabiel 12/13 zwaar 0
    DDR-MIX    39:40 V24 L13 N 7 R 7 nachtreeksen [4,3] stabiel 24/25 zwaar 0
    DDR-V      39:40 V41 L 0 N 0 R 7 nachtreeksen [] stabiel 22/22 zwaar 0
    DDR-VL     40:00 V 4 L30 N 0 R 6 nachtreeksen [] stabiel 18/18 zwaar 0
  ✓ Rust & regelmaat · kandidaat 3: alle diensten geplaatst — 223/223
  ✓ Rust & regelmaat · kandidaat 3: geen vroege dienst in Laat/Nacht — 0
  ✓ Rust & regelmaat · kandidaat 3: geen losse nachten — 0
  ✓ Rust & regelmaat · kandidaat 3: niet meer zware overgangen dan het officiële rooster — 0 tegen 2
  ✓ Rust & regelmaat · kandidaat 3: de meting onderscheidt de kandidaat van het officiële rooster

4. Laat/Nacht in detail
  Officieel (Laat Nacht 1 C)                   39:59 vroeg 0 · laat 16 · nacht 6 · reeksen [6] · gem. reeks 6 · overgangen stabiel 100% · zwaar 0
  Meting BALANCED · kandidaat 1                40:00 vroeg 0 · laat 16 · nacht 6 · reeksen [6] · gem. reeks 6 · overgangen stabiel 100% · zwaar 0
  Meting BALANCED · kandidaat 2                40:00 vroeg 0 · laat 16 · nacht 6 · reeksen [6] · gem. reeks 6 · overgangen stabiel 100% · zwaar 0
  Meting BALANCED · kandidaat 3                40:00 vroeg 0 · laat 16 · nacht 6 · reeksen [6] · gem. reeks 6 · overgangen stabiel 100% · zwaar 0
  Rust & regelmaat · kandidaat 1               40:00 vroeg 0 · laat 15 · nacht 7 · reeksen [3,4] · gem. reeks 3.5 · overgangen stabiel 92.3% · zwaar 0
  Rust & regelmaat · kandidaat 2               40:00 vroeg 0 · laat 15 · nacht 7 · reeksen [3,4] · gem. reeks 3.5 · overgangen stabiel 92.3% · zwaar 0
  Rust & regelmaat · kandidaat 3               40:00 vroeg 0 · laat 15 · nacht 7 · reeksen [3,4] · gem. reeks 3.5 · overgangen stabiel 92.3% · zwaar 0

5. Het menselijke kwaliteitsmodel op het officiële rooster
  model quality-model-v2 · totaal 86.3 · zonder continuïteit 84.7 · robuust 83.5
  hours 83.9 · flow 88.7 · rest 79.4 · nights 98.9 · fairness 66.9 · preference — · stability 100
  slechtste regel DDR-50MIX 4 (68.15972222222221) · mediaan 91.65509259259257
  ✓ het officiële rooster is hard geldig volgens de evaluator
  ✓ geen enkele component van het officiële rooster onder de 40
  ✓ het officiële rooster heeft patroonafstand 0 tot zichzelf — 0
  ✓ continuïteit van het officiële rooster is 100
  Meting BALANCED — kandidaat 1: totaal 89 robuust 88.5 patroonafstand 19.9 · 223/223 diensten geplaatst | grootste afwijking van 40:00: 33 min (DDR-V) | slechtste regel: DDR-BLM regel 1 (85.4)
  ✓ Meting BALANCED — kandidaat 1: hard geldig volgens de evaluator
  Meting BALANCED — kandidaat 2: totaal 86.6 robuust 83.5 patroonafstand 22 · 223/223 diensten geplaatst | 1 losse nacht(en) | grootste afwijking van 40:00: 21 min (DDR-MIX)
  ✓ Meting BALANCED — kandidaat 2: hard geldig volgens de evaluator
  Meting BALANCED — kandidaat 3: totaal 88.6 robuust 87 patroonafstand 17.2 · 223/223 diensten geplaatst | grootste afwijking van 40:00: 33 min (DDR-V) | slechtste regel: DDR-BLM regel 6 (77.9)
  ✓ Meting BALANCED — kandidaat 3: hard geldig volgens de evaluator

══════════════════════════════════════════════════════════════════════════════
36 geslaagd, 1 mislukt, 0 geblokkeerd
